// Jest Snapshot v1, https://goo.gl/fbAQLP

exports[`<NotFound /> renders 1`] = `
"<div data-css-jgfdvp>
  <GhostFloating></GhostFloating>
  <div data-css-1ka2kui>
    <Shadow></Shadow>
  </div>
  <H1>Whoops!</H1>
  <div>
    <div>We couldn't find the page you</div>
    <div>were looking for.</div>
  </div>
</div>"
`;
