// Jest Snapshot v1, https://goo.gl/fbAQLP

exports[`<App /> renders 1`] = `
"<main data-css-qsx4ri>
  <Introduction></Introduction>
  <Social></Social>
  <Employment></Employment>
  <CoreTeam></CoreTeam>
  <GitHubList title=\\"Contributions Made\\"></GitHubList>
  <GitHubList title=\\"Open Source Projects\\"></GitHubList>
  <Conclusion></Conclusion>
</main>"
`;
